com\kloudless\net\APIResource$Error.class
com\kloudless\exception\APIConnectionException.class
com\kloudless\model\CRMTask.class
com\kloudless\net\APIResource.class
com\kloudless\model\PermissionCollection.class
com\kloudless\net\APIResource$2.class
com\kloudless\model\Data.class
com\kloudless\model\File.class
com\kloudless\exception\KloudlessException.class
com\kloudless\model\APIKey.class
com\kloudless\model\Account.class
com\kloudless\net\APIResource$1.class
com\kloudless\Kloudless.class
com\kloudless\model\MetadataCollection.class
com\kloudless\model\CRMOpportunity.class
com\kloudless\model\Group.class
com\kloudless\model\Metadata.class
com\kloudless\model\Folder.class
com\kloudless\model\APIKeyCollection.class
com\kloudless\model\Permission.class
com\kloudless\model\EventCollection.class
com\kloudless\model\PropertyCollection.class
com\kloudless\model\CRMCampaign.class
com\kloudless\model\KloudlessRawJsonObject.class
com\kloudless\model\AccountCollection.class
com\kloudless\model\CRMAccount.class
com\kloudless\net\APIResource$RequestMethod.class
com\kloudless\model\FileCollection.class
com\kloudless\model\Identifier.class
com\kloudless\model\Link.class
com\kloudless\exception\AuthenticationException.class
com\kloudless\model\GroupCollection.class
com\kloudless\model\DataDeserializer.class
com\kloudless\model\LinkCollection.class
com\kloudless\exception\APIException.class
com\kloudless\model\KloudlessCollection.class
com\kloudless\model\KloudlessObject.class
com\kloudless\model\KloudlessRawJsonObjectDeserializer.class
com\kloudless\model\CRMObjectCollection.class
com\kloudless\net\KloudlessResponse.class
com\kloudless\net\APIResource$4.class
com\kloudless\model\UserCollection.class
com\kloudless\model\Event.class
com\kloudless\KClient.class
com\kloudless\exception\InvalidRequestException.class
com\kloudless\model\User.class
com\kloudless\model\CRMObject.class
com\kloudless\model\File$Multipart.class
com\kloudless\net\APIResource$3.class
com\kloudless\model\CRMLead.class
com\kloudless\net\APIResourceMixin.class
com\kloudless\model\Property.class
com\kloudless\model\Application.class
com\kloudless\model\CRMContact.class
com\kloudless\model\ApplicationCollection.class
