C:\Users\Вероника\IdeaProjects\kloudless-java-1.1.0\src\main\java\com\kloudless\KClient.java
C:\Users\Вероника\IdeaProjects\kloudless-java-1.1.0\src\main\java\com\kloudless\model\CRMObject.java
C:\Users\Вероника\IdeaProjects\kloudless-java-1.1.0\src\main\java\com\kloudless\model\Metadata.java
C:\Users\Вероника\IdeaProjects\kloudless-java-1.1.0\src\main\java\com\kloudless\exception\APIConnectionException.java
C:\Users\Вероника\IdeaProjects\kloudless-java-1.1.0\src\main\java\com\kloudless\model\Application.java
C:\Users\Вероника\IdeaProjects\kloudless-java-1.1.0\src\main\java\com\kloudless\model\Permission.java
C:\Users\Вероника\IdeaProjects\kloudless-java-1.1.0\src\main\java\com\kloudless\Kloudless.java
C:\Users\Вероника\IdeaProjects\kloudless-java-1.1.0\src\main\java\com\kloudless\model\Property.java
C:\Users\Вероника\IdeaProjects\kloudless-java-1.1.0\src\main\java\com\kloudless\model\APIKey.java
C:\Users\Вероника\IdeaProjects\kloudless-java-1.1.0\src\main\java\com\kloudless\model\DataDeserializer.java
C:\Users\Вероника\IdeaProjects\kloudless-java-1.1.0\src\main\java\com\kloudless\model\CRMOpportunity.java
C:\Users\Вероника\IdeaProjects\kloudless-java-1.1.0\src\main\java\com\kloudless\model\Identifier.java
C:\Users\Вероника\IdeaProjects\kloudless-java-1.1.0\src\main\java\com\kloudless\model\Folder.java
C:\Users\Вероника\IdeaProjects\kloudless-java-1.1.0\src\main\java\com\kloudless\net\APIResourceMixin.java
C:\Users\Вероника\IdeaProjects\kloudless-java-1.1.0\src\main\java\com\kloudless\model\CRMContact.java
C:\Users\Вероника\IdeaProjects\kloudless-java-1.1.0\src\main\java\com\kloudless\model\MetadataCollection.java
C:\Users\Вероника\IdeaProjects\kloudless-java-1.1.0\src\main\java\com\kloudless\model\PropertyCollection.java
C:\Users\Вероника\IdeaProjects\kloudless-java-1.1.0\src\main\java\com\kloudless\model\File.java
C:\Users\Вероника\IdeaProjects\kloudless-java-1.1.0\src\main\java\com\kloudless\model\AccountCollection.java
C:\Users\Вероника\IdeaProjects\kloudless-java-1.1.0\src\main\java\com\kloudless\model\GroupCollection.java
C:\Users\Вероника\IdeaProjects\kloudless-java-1.1.0\src\main\java\com\kloudless\model\PermissionCollection.java
C:\Users\Вероника\IdeaProjects\kloudless-java-1.1.0\src\main\java\com\kloudless\model\User.java
C:\Users\Вероника\IdeaProjects\kloudless-java-1.1.0\src\main\java\com\kloudless\model\Link.java
C:\Users\Вероника\IdeaProjects\kloudless-java-1.1.0\src\main\java\com\kloudless\model\CRMLead.java
C:\Users\Вероника\IdeaProjects\kloudless-java-1.1.0\src\main\java\com\kloudless\exception\KloudlessException.java
C:\Users\Вероника\IdeaProjects\kloudless-java-1.1.0\src\main\java\com\kloudless\net\APIResource.java
C:\Users\Вероника\IdeaProjects\kloudless-java-1.1.0\src\main\java\com\kloudless\model\KloudlessRawJsonObject.java
C:\Users\Вероника\IdeaProjects\kloudless-java-1.1.0\src\main\java\com\kloudless\model\ApplicationCollection.java
C:\Users\Вероника\IdeaProjects\kloudless-java-1.1.0\src\main\java\com\kloudless\exception\APIException.java
C:\Users\Вероника\IdeaProjects\kloudless-java-1.1.0\src\main\java\com\kloudless\model\CRMAccount.java
C:\Users\Вероника\IdeaProjects\kloudless-java-1.1.0\src\main\java\com\kloudless\model\CRMTask.java
C:\Users\Вероника\IdeaProjects\kloudless-java-1.1.0\src\main\java\com\kloudless\model\KloudlessCollection.java
C:\Users\Вероника\IdeaProjects\kloudless-java-1.1.0\src\main\java\com\kloudless\exception\AuthenticationException.java
C:\Users\Вероника\IdeaProjects\kloudless-java-1.1.0\src\main\java\com\kloudless\model\Account.java
C:\Users\Вероника\IdeaProjects\kloudless-java-1.1.0\src\main\java\com\kloudless\model\Group.java
C:\Users\Вероника\IdeaProjects\kloudless-java-1.1.0\src\main\java\com\kloudless\model\APIKeyCollection.java
C:\Users\Вероника\IdeaProjects\kloudless-java-1.1.0\src\main\java\com\kloudless\model\CRMCampaign.java
C:\Users\Вероника\IdeaProjects\kloudless-java-1.1.0\src\main\java\com\kloudless\model\CRMObjectCollection.java
C:\Users\Вероника\IdeaProjects\kloudless-java-1.1.0\src\main\java\com\kloudless\model\KloudlessRawJsonObjectDeserializer.java
C:\Users\Вероника\IdeaProjects\kloudless-java-1.1.0\src\main\java\com\kloudless\model\LinkCollection.java
C:\Users\Вероника\IdeaProjects\kloudless-java-1.1.0\src\main\java\com\kloudless\net\KloudlessResponse.java
C:\Users\Вероника\IdeaProjects\kloudless-java-1.1.0\src\main\java\com\kloudless\model\EventCollection.java
C:\Users\Вероника\IdeaProjects\kloudless-java-1.1.0\src\main\java\com\kloudless\model\FileCollection.java
C:\Users\Вероника\IdeaProjects\kloudless-java-1.1.0\src\main\java\com\kloudless\exception\InvalidRequestException.java
C:\Users\Вероника\IdeaProjects\kloudless-java-1.1.0\src\main\java\com\kloudless\model\Data.java
C:\Users\Вероника\IdeaProjects\kloudless-java-1.1.0\src\main\java\com\kloudless\model\Event.java
C:\Users\Вероника\IdeaProjects\kloudless-java-1.1.0\src\main\java\com\kloudless\model\UserCollection.java
C:\Users\Вероника\IdeaProjects\kloudless-java-1.1.0\src\main\java\com\kloudless\model\KloudlessObject.java
